[INFO] Scanning for projects...
[INFO] 
[INFO] --------------< com.example:ecommerce-backend-assignment >--------------
[INFO] Building ecommerce-backend-assignment 0.0.1-SNAPSHOT
[INFO]   from pom.xml
[INFO] --------------------------------[ jar ]---------------------------------
[INFO] 
[INFO] --- clean:3.5.0:clean (default-clean) @ ecommerce-backend-assignment ---
[INFO] Deleting C:\Users\ADMIN\.gemini\antigravity\scratch\ecommerce-backend-assignment\target
[INFO] 
[INFO] --- resources:3.3.1:resources (default-resources) @ ecommerce-backend-assignment ---
[INFO] Copying 1 resource from src\main\resources to target\classes
[INFO] Copying 0 resource from src\main\resources to target\classes
[INFO] 
[INFO] --- compiler:3.14.1:compile (default-compile) @ ecommerce-backend-assignment ---
[INFO] Recompiling the module because of changed source code.
[INFO] Compiling 35 source files with javac [debug parameters release 17] to target\classes
.\mvnw.cmd : WARNING: A terminally deprecated method in 
sun.misc.Unsafe has been called
At line:1 char:48
+ ... les\Java\jdk-24"; .\mvnw.cmd clean compile > 
compile.log 2>&1; cat co ...
+                       
~~~~~~~~~~~~~~~~~~~~~~~~~~~~~~~~~~~~~~~~~~~
    + CategoryInfo          : NotSpecified: (WARNING: A ter 
   m...has been called:String) [], RemoteException
    + FullyQualifiedErrorId : NativeCommandError
 
WARNING: sun.misc.Unsafe::objectFieldOffset has been called 
by lombok.permit.Permit
WARNING: Please consider reporting this to the maintainers 
of class lombok.permit.Permit
WARNING: sun.misc.Unsafe::objectFieldOffset will be removed 
in a future release
[INFO] ------------------------------------------------------------------------
[INFO] BUILD FAILURE
[INFO] ------------------------------------------------------------------------
[INFO] Total time:  5.050 s
[INFO] Finished at: 2026-04-01T18:54:04+05:30
[INFO] ------------------------------------------------------------------------
[ERROR] Failed to execute goal org.apache.maven.plugins:maven-compiler-plugin:3.14.1:compile (default-compile) on project ecommerce-backend-assignment: Fatal error compiling: java.lang.ExceptionInInitializerError: com.sun.tools.javac.code.TypeTag :: UNKNOWN -> [Help 1]
[ERROR] 
[ERROR] To see the full stack trace of the errors, re-run Maven with the -e switch.
[ERROR] Re-run Maven using the -X switch to enable full debug logging.
[ERROR] 
[ERROR] For more information about the errors and possible solutions, please read the following articles:
[ERROR] [Help 1] http://cwiki.apache.org/confluence/display/MAVEN/MojoExecutionException
