[INFO] Scanning for projects...
[INFO] 
[INFO] --------------< com.example:ecommerce-backend-assignment >--------------
[INFO] Building ecommerce-backend-assignment 0.0.1-SNAPSHOT
[INFO]   from pom.xml
[INFO] --------------------------------[ jar ]---------------------------------
[INFO] 
[INFO] --- resources:3.3.1:resources (default-resources) @ ecommerce-backend-assignment ---
[INFO] Copying 1 resource from src\main\resources to target\classes
[INFO] Copying 0 resource from src\main\resources to target\classes
[INFO] 
[INFO] --- compiler:3.14.1:compile (default-compile) @ ecommerce-backend-assignment ---
[INFO] Recompiling the module because of changed source code.
[INFO] Compiling 35 source files with javac [debug parameters release 17] to target\classes
[INFO] -------------------------------------------------------------
[ERROR] COMPILATION ERROR : 
[INFO] -------------------------------------------------------------
[ERROR] /C:/Users/ADMIN/.gemini/antigravity/scratch/ecommerce-backend-assignment/src/main/java/com/example/ecommerce/service/AuthService.java:[47,69] cannot find symbol
  symbol:   method getUsername()
  location: variable loginRequest of type com.example.ecommerce.dto.LoginRequest
[ERROR] /C:/Users/ADMIN/.gemini/antigravity/scratch/ecommerce-backend-assignment/src/main/java/com/example/ecommerce/service/AuthService.java:[47,97] cannot find symbol
  symbol:   method getPassword()
  location: variable loginRequest of type com.example.ecommerce.dto.LoginRequest
[ERROR] /C:/Users/ADMIN/.gemini/antigravity/scratch/ecommerce-backend-assignment/src/main/java/com/example/ecommerce/service/AuthService.java:[57,16] constructor JwtResponse in class com.example.ecommerce.dto.JwtResponse cannot be applied to given types;
  required: no arguments
  found:    java.lang.String,java.lang.Long,java.lang.String,java.util.List<java.lang.String>
  reason: actual and formal argument lists differ in length
[ERROR] /C:/Users/ADMIN/.gemini/antigravity/scratch/ecommerce-backend-assignment/src/main/java/com/example/ecommerce/service/AuthService.java:[64,58] cannot find symbol
  symbol:   method getUsername()
  location: variable signUpRequest of type com.example.ecommerce.dto.SignupRequest
[ERROR] /C:/Users/ADMIN/.gemini/antigravity/scratch/ecommerce-backend-assignment/src/main/java/com/example/ecommerce/service/AuthService.java:[69,39] cannot find symbol
  symbol:   method getUsername()
  location: variable signUpRequest of type com.example.ecommerce.dto.SignupRequest
[ERROR] /C:/Users/ADMIN/.gemini/antigravity/scratch/ecommerce-backend-assignment/src/main/java/com/example/ecommerce/service/AuthService.java:[70,54] cannot find symbol
  symbol:   method getPassword()
  location: variable signUpRequest of type com.example.ecommerce.dto.SignupRequest
[ERROR] /C:/Users/ADMIN/.gemini/antigravity/scratch/ecommerce-backend-assignment/src/main/java/com/example/ecommerce/service/AuthService.java:[72,40] cannot find symbol
  symbol:   method getRole()
  location: variable signUpRequest of type com.example.ecommerce.dto.SignupRequest
[ERROR] /C:/Users/ADMIN/.gemini/antigravity/scratch/ecommerce-backend-assignment/src/main/java/com/example/ecommerce/service/AuthService.java:[72,76] cannot find symbol
  symbol:   method getRole()
  location: variable signUpRequest of type com.example.ecommerce.dto.SignupRequest
[ERROR] /C:/Users/ADMIN/.gemini/antigravity/scratch/ecommerce-backend-assignment/src/main/java/com/example/ecommerce/service/AuthService.java:[72,113] cannot find symbol
  symbol:   method getRole()
  location: variable signUpRequest of type com.example.ecommerce.dto.SignupRequest
[ERROR] /C:/Users/ADMIN/.gemini/antigravity/scratch/ecommerce-backend-assignment/src/main/java/com/example/ecommerce/service/AuthService.java:[86,13] cannot find symbol
  symbol:   method setRole(com.example.ecommerce.model.Role)
  location: variable user of type com.example.ecommerce.model.User
[ERROR] /C:/Users/ADMIN/.gemini/antigravity/scratch/ecommerce-backend-assignment/src/main/java/com/example/ecommerce/service/AuthService.java:[91,13] cannot find symbol
  symbol:   method setUser(com.example.ecommerce.model.User)
  location: variable cart of type com.example.ecommerce.model.Cart
[ERROR] /C:/Users/ADMIN/.gemini/antigravity/scratch/ecommerce-backend-assignment/src/main/java/com/example/ecommerce/service/AuthService.java:[94,16] constructor MessageResponse in class com.example.ecommerce.dto.MessageResponse cannot be applied to given types;
  required: no arguments
  found:    java.lang.String
  reason: actual and formal argument lists differ in length
[ERROR] /C:/Users/ADMIN/.gemini/antigravity/scratch/ecommerce-backend-assignment/src/main/java/com/example/ecommerce/controller/CartController.java:[29,88] cannot find symbol
  symbol:   method getProductId()
  location: variable cartItemRequest of type com.example.ecommerce.dto.CartItemRequest
[ERROR] /C:/Users/ADMIN/.gemini/antigravity/scratch/ecommerce-backend-assignment/src/main/java/com/example/ecommerce/controller/CartController.java:[29,120] cannot find symbol
  symbol:   method getQuantity()
  location: variable cartItemRequest of type com.example.ecommerce.dto.CartItemRequest
[ERROR] /C:/Users/ADMIN/.gemini/antigravity/scratch/ecommerce-backend-assignment/src/main/java/com/example/ecommerce/controller/CartController.java:[35,94] cannot find symbol
  symbol:   method getProductId()
  location: variable cartItemRequest of type com.example.ecommerce.dto.CartItemRequest
[ERROR] /C:/Users/ADMIN/.gemini/antigravity/scratch/ecommerce-backend-assignment/src/main/java/com/example/ecommerce/controller/CartController.java:[35,126] cannot find symbol
  symbol:   method getQuantity()
  location: variable cartItemRequest of type com.example.ecommerce.dto.CartItemRequest
[ERROR] /C:/Users/ADMIN/.gemini/antigravity/scratch/ecommerce-backend-assignment/src/main/java/com/example/ecommerce/service/CartService.java:[43,20] cannot find symbol
  symbol:   method getStockQuantity()
  location: variable product of type com.example.ecommerce.model.Product
[ERROR] /C:/Users/ADMIN/.gemini/antigravity/scratch/ecommerce-backend-assignment/src/main/java/com/example/ecommerce/service/CartService.java:[47,47] cannot find symbol
  symbol:   method getItems()
  location: variable cart of type com.example.ecommerce.model.Cart
[ERROR] /C:/Users/ADMIN/.gemini/antigravity/scratch/ecommerce-backend-assignment/src/main/java/com/example/ecommerce/service/CartService.java:[53,34] cannot find symbol
  symbol:   method getQuantity()
  location: variable item of type com.example.ecommerce.model.CartItem
[ERROR] /C:/Users/ADMIN/.gemini/antigravity/scratch/ecommerce-backend-assignment/src/main/java/com/example/ecommerce/service/CartService.java:[56,20] cannot find symbol
  symbol:   method setCart(com.example.ecommerce.model.Cart)
  location: variable newItem of type com.example.ecommerce.model.CartItem
[ERROR] /C:/Users/ADMIN/.gemini/antigravity/scratch/ecommerce-backend-assignment/src/main/java/com/example/ecommerce/service/CartService.java:[57,20] cannot find symbol
  symbol:   method setProduct(com.example.ecommerce.model.Product)
  location: variable newItem of type com.example.ecommerce.model.CartItem
[ERROR] /C:/Users/ADMIN/.gemini/antigravity/scratch/ecommerce-backend-assignment/src/main/java/com/example/ecommerce/service/CartService.java:[58,20] cannot find symbol
  symbol:   method setQuantity(java.lang.Integer)
  location: variable newItem of type com.example.ecommerce.model.CartItem
[ERROR] /C:/Users/ADMIN/.gemini/antigravity/scratch/ecommerce-backend-assignment/src/main/java/com/example/ecommerce/service/CartService.java:[59,17] cannot find symbol
  symbol:   method getItems()
  location: variable cart of type com.example.ecommerce.model.Cart
[ERROR] /C:/Users/ADMIN/.gemini/antigravity/scratch/ecommerce-backend-assignment/src/main/java/com/example/ecommerce/service/CartService.java:[68,33] cannot find symbol
  symbol:   method getItems()
  location: variable cart of type com.example.ecommerce.model.Cart
[ERROR] /C:/Users/ADMIN/.gemini/antigravity/scratch/ecommerce-backend-assignment/src/main/java/com/example/ecommerce/service/CartService.java:[74,17] cannot find symbol
  symbol:   method getItems()
  location: variable cart of type com.example.ecommerce.model.Cart
[ERROR] /C:/Users/ADMIN/.gemini/antigravity/scratch/ecommerce-backend-assignment/src/main/java/com/example/ecommerce/service/CartService.java:[77,21] cannot find symbol
  symbol:   method setQuantity(java.lang.Integer)
  location: variable cartItem of type com.example.ecommerce.model.CartItem
[ERROR] /C:/Users/ADMIN/.gemini/antigravity/scratch/ecommerce-backend-assignment/src/main/java/com/example/ecommerce/service/CartService.java:[86,33] cannot find symbol
  symbol:   method getItems()
  location: variable cart of type com.example.ecommerce.model.Cart
[ERROR] /C:/Users/ADMIN/.gemini/antigravity/scratch/ecommerce-backend-assignment/src/main/java/com/example/ecommerce/service/CartService.java:[91,13] cannot find symbol
  symbol:   method getItems()
  location: variable cart of type com.example.ecommerce.model.Cart
[ERROR] /C:/Users/ADMIN/.gemini/antigravity/scratch/ecommerce-backend-assignment/src/main/java/com/example/ecommerce/service/CartService.java:[98,42] cannot find symbol
  symbol:   method getItems()
  location: variable cart of type com.example.ecommerce.model.Cart
[ERROR] /C:/Users/ADMIN/.gemini/antigravity/scratch/ecommerce-backend-assignment/src/main/java/com/example/ecommerce/service/CartService.java:[99,13] cannot find symbol
  symbol:   method getItems()
  location: variable cart of type com.example.ecommerce.model.Cart
[ERROR] /C:/Users/ADMIN/.gemini/antigravity/scratch/ecommerce-backend-assignment/src/main/java/com/example/ecommerce/service/ProductService.java:[31,39] cannot find symbol
  symbol:   method getName()
  location: variable productDetails of type com.example.ecommerce.model.Product
[ERROR] /C:/Users/ADMIN/.gemini/antigravity/scratch/ecommerce-backend-assignment/src/main/java/com/example/ecommerce/service/ProductService.java:[32,46] cannot find symbol
  symbol:   method getDescription()
  location: variable productDetails of type com.example.ecommerce.model.Product
[ERROR] /C:/Users/ADMIN/.gemini/antigravity/scratch/ecommerce-backend-assignment/src/main/java/com/example/ecommerce/service/ProductService.java:[33,40] cannot find symbol
  symbol:   method getPrice()
  location: variable productDetails of type com.example.ecommerce.model.Product
[ERROR] /C:/Users/ADMIN/.gemini/antigravity/scratch/ecommerce-backend-assignment/src/main/java/com/example/ecommerce/service/ProductService.java:[34,48] cannot find symbol
  symbol:   method getStockQuantity()
  location: variable productDetails of type com.example.ecommerce.model.Product
[ERROR] /C:/Users/ADMIN/.gemini/antigravity/scratch/ecommerce-backend-assignment/src/main/java/com/example/ecommerce/service/ProductService.java:[35,43] cannot find symbol
  symbol:   method getImageUrl()
  location: variable productDetails of type com.example.ecommerce.model.Product
[ERROR] /C:/Users/ADMIN/.gemini/antigravity/scratch/ecommerce-backend-assignment/src/main/java/com/example/ecommerce/service/OrderService.java:[39,19] cannot find symbol
  symbol:   method getUser()
  location: variable order of type com.example.ecommerce.model.Order
[ERROR] /C:/Users/ADMIN/.gemini/antigravity/scratch/ecommerce-backend-assignment/src/main/java/com/example/ecommerce/service/OrderService.java:[50,17] cannot find symbol
  symbol:   method getItems()
  location: variable cart of type com.example.ecommerce.model.Cart
[ERROR] /C:/Users/ADMIN/.gemini/antigravity/scratch/ecommerce-backend-assignment/src/main/java/com/example/ecommerce/service/OrderService.java:[58,14] cannot find symbol
  symbol:   method setUser(com.example.ecommerce.model.User)
  location: variable order of type com.example.ecommerce.model.Order
[ERROR] /C:/Users/ADMIN/.gemini/antigravity/scratch/ecommerce-backend-assignment/src/main/java/com/example/ecommerce/service/OrderService.java:[59,14] cannot find symbol
  symbol:   method setOrderDate(java.time.LocalDateTime)
  location: variable order of type com.example.ecommerce.model.Order
[ERROR] /C:/Users/ADMIN/.gemini/antigravity/scratch/ecommerce-backend-assignment/src/main/java/com/example/ecommerce/service/OrderService.java:[60,14] cannot find symbol
  symbol:   method setShippingDetails(java.lang.String)
  location: variable order of type com.example.ecommerce.model.Order
[ERROR] /C:/Users/ADMIN/.gemini/antigravity/scratch/ecommerce-backend-assignment/src/main/java/com/example/ecommerce/service/OrderService.java:[61,14] cannot find symbol
  symbol:   method setPaymentStatus(java.lang.String)
  location: variable order of type com.example.ecommerce.model.Order
[ERROR] /C:/Users/ADMIN/.gemini/antigravity/scratch/ecommerce-backend-assignment/src/main/java/com/example/ecommerce/service/OrderService.java:[65,42] cannot find symbol
  symbol:   method getItems()
  location: variable cart of type com.example.ecommerce.model.Cart
[ERROR] /C:/Users/ADMIN/.gemini/antigravity/scratch/ecommerce-backend-assignment/src/main/java/com/example/ecommerce/service/OrderService.java:[67,22] cannot find symbol
  symbol:   method setOrder(com.example.ecommerce.model.Order)
  location: variable orderItem of type com.example.ecommerce.model.OrderItem
[ERROR] /C:/Users/ADMIN/.gemini/antigravity/scratch/ecommerce-backend-assignment/src/main/java/com/example/ecommerce/service/OrderService.java:[70,24] cannot find symbol
  symbol:   method getStockQuantity()
  location: variable product of type com.example.ecommerce.model.Product
[ERROR] /C:/Users/ADMIN/.gemini/antigravity/scratch/ecommerce-backend-assignment/src/main/java/com/example/ecommerce/service/OrderService.java:[71,86] cannot find symbol
  symbol:   method getName()
  location: variable product of type com.example.ecommerce.model.Product
[ERROR] /C:/Users/ADMIN/.gemini/antigravity/scratch/ecommerce-backend-assignment/src/main/java/com/example/ecommerce/service/OrderService.java:[74,45] cannot find symbol
  symbol:   method getStockQuantity()
  location: variable product of type com.example.ecommerce.model.Product
[ERROR] /C:/Users/ADMIN/.gemini/antigravity/scratch/ecommerce-backend-assignment/src/main/java/com/example/ecommerce/service/OrderService.java:[75,49] cannot find symbol
  symbol:   method getId()
  location: variable product of type com.example.ecommerce.model.Product
[ERROR] /C:/Users/ADMIN/.gemini/antigravity/scratch/ecommerce-backend-assignment/src/main/java/com/example/ecommerce/service/OrderService.java:[77,22] cannot find symbol
  symbol:   method setProduct(com.example.ecommerce.model.Product)
  location: variable orderItem of type com.example.ecommerce.model.OrderItem
[ERROR] /C:/Users/ADMIN/.gemini/antigravity/scratch/ecommerce-backend-assignment/src/main/java/com/example/ecommerce/service/OrderService.java:[79,39] cannot find symbol
  symbol:   method getPrice()
  location: variable product of type com.example.ecommerce.model.Product
[ERROR] /C:/Users/ADMIN/.gemini/antigravity/scratch/ecommerce-backend-assignment/src/main/java/com/example/ecommerce/service/OrderService.java:[84,26] cannot find symbol
  symbol:   method getPrice()
  location: variable item of type com.example.ecommerce.model.OrderItem
[ERROR] /C:/Users/ADMIN/.gemini/antigravity/scratch/ecommerce-backend-assignment/src/main/java/com/example/ecommerce/service/OrderService.java:[84,44] cannot find symbol
  symbol:   method getQuantity()
  location: variable item of type com.example.ecommerce.model.OrderItem
[ERROR] /C:/Users/ADMIN/.gemini/antigravity/scratch/ecommerce-backend-assignment/src/main/java/com/example/ecommerce/service/OrderService.java:[87,14] cannot find symbol
  symbol:   method setItems(java.util.List<com.example.ecommerce.model.OrderItem>)
  location: variable order of type com.example.ecommerce.model.Order
[ERROR] /C:/Users/ADMIN/.gemini/antigravity/scratch/ecommerce-backend-assignment/src/main/java/com/example/ecommerce/service/OrderService.java:[88,14] cannot find symbol
  symbol:   method setTotalPrice(double)
  location: variable order of type com.example.ecommerce.model.Order
[ERROR] /C:/Users/ADMIN/.gemini/antigravity/scratch/ecommerce-backend-assignment/src/main/java/com/example/ecommerce/service/OrderService.java:[99,14] cannot find symbol
  symbol:   method setPaymentStatus(java.lang.String)
  location: variable order of type com.example.ecommerce.model.Order
[ERROR] /C:/Users/ADMIN/.gemini/antigravity/scratch/ecommerce-backend-assignment/src/main/java/com/example/ecommerce/service/PaymentService.java:[31,36] cannot find symbol
  symbol:   method getTotalPrice()
  location: variable order of type com.example.ecommerce.model.Order
[ERROR] /C:/Users/ADMIN/.gemini/antigravity/scratch/ecommerce-backend-assignment/src/main/java/com/example/ecommerce/security/UserDetailsImpl.java:[33,69] cannot find symbol
  symbol:   method getRole()
  location: variable user of type com.example.ecommerce.model.User
[ERROR] /C:/Users/ADMIN/.gemini/antigravity/scratch/ecommerce-backend-assignment/src/main/java/com/example/ecommerce/security/UserDetailsImpl.java:[36,21] cannot find symbol
  symbol:   method getId()
  location: variable user of type com.example.ecommerce.model.User
[ERROR] /C:/Users/ADMIN/.gemini/antigravity/scratch/ecommerce-backend-assignment/src/main/java/com/example/ecommerce/security/UserDetailsImpl.java:[37,21] cannot find symbol
  symbol:   method getUsername()
  location: variable user of type com.example.ecommerce.model.User
[ERROR] /C:/Users/ADMIN/.gemini/antigravity/scratch/ecommerce-backend-assignment/src/main/java/com/example/ecommerce/security/UserDetailsImpl.java:[38,21] cannot find symbol
  symbol:   method getPassword()
  location: variable user of type com.example.ecommerce.model.User
[ERROR] /C:/Users/ADMIN/.gemini/antigravity/scratch/ecommerce-backend-assignment/src/main/java/com/example/ecommerce/security/WebSecurityConfig.java:[36,50] constructor DaoAuthenticationProvider in class org.springframework.security.authentication.dao.DaoAuthenticationProvider cannot be applied to given types;
  required: org.springframework.security.core.userdetails.UserDetailsService
  found:    no arguments
  reason: actual and formal argument lists differ in length
[ERROR] /C:/Users/ADMIN/.gemini/antigravity/scratch/ecommerce-backend-assignment/src/main/java/com/example/ecommerce/security/WebSecurityConfig.java:[37,21] cannot find symbol
  symbol:   method setUserDetailsService(com.example.ecommerce.security.UserDetailsServiceImpl)
  location: variable authProvider of type org.springframework.security.authentication.dao.DaoAuthenticationProvider
[INFO] 61 errors 
[INFO] -------------------------------------------------------------
[INFO] ------------------------------------------------------------------------
[INFO] BUILD FAILURE
[INFO] ------------------------------------------------------------------------
[INFO] Total time:  5.216 s
[INFO] Finished at: 2026-04-01T18:10:29+05:30
[INFO] ------------------------------------------------------------------------
[ERROR] Failed to execute goal org.apache.maven.plugins:maven-compiler-plugin:3.14.1:compile (default-compile) on project ecommerce-backend-assignment: Compilation failure: Compilation failure: 
[ERROR] /C:/Users/ADMIN/.gemini/antigravity/scratch/ecommerce-backend-assignment/src/main/java/com/example/ecommerce/service/AuthService.java:[47,69] cannot find symbol
[ERROR]   symbol:   method getUsername()
[ERROR]   location: variable loginRequest of type com.example.ecommerce.dto.LoginRequest
[ERROR] /C:/Users/ADMIN/.gemini/antigravity/scratch/ecommerce-backend-assignment/src/main/java/com/example/ecommerce/service/AuthService.java:[47,97] cannot find symbol
[ERROR]   symbol:   method getPassword()
[ERROR]   location: variable loginRequest of type com.example.ecommerce.dto.LoginRequest
[ERROR] /C:/Users/ADMIN/.gemini/antigravity/scratch/ecommerce-backend-assignment/src/main/java/com/example/ecommerce/service/AuthService.java:[57,16] constructor JwtResponse in class com.example.ecommerce.dto.JwtResponse cannot be applied to given types;
[ERROR]   required: no arguments
[ERROR]   found:    java.lang.String,java.lang.Long,java.lang.String,java.util.List<java.lang.String>
[ERROR]   reason: actual and formal argument lists differ in length
[ERROR] /C:/Users/ADMIN/.gemini/antigravity/scratch/ecommerce-backend-assignment/src/main/java/com/example/ecommerce/service/AuthService.java:[64,58] cannot find symbol
[ERROR]   symbol:   method getUsername()
[ERROR]   location: variable signUpRequest of type com.example.ecommerce.dto.SignupRequest
[ERROR] /C:/Users/ADMIN/.gemini/antigravity/scratch/ecommerce-backend-assignment/src/main/java/com/example/ecommerce/service/AuthService.java:[69,39] cannot find symbol
[ERROR]   symbol:   method getUsername()
[ERROR]   location: variable signUpRequest of type com.example.ecommerce.dto.SignupRequest
[ERROR] /C:/Users/ADMIN/.gemini/antigravity/scratch/ecommerce-backend-assignment/src/main/java/com/example/ecommerce/service/AuthService.java:[70,54] cannot find symbol
[ERROR]   symbol:   method getPassword()
[ERROR]   location: variable signUpRequest of type com.example.ecommerce.dto.SignupRequest
[ERROR] /C:/Users/ADMIN/.gemini/antigravity/scratch/ecommerce-backend-assignment/src/main/java/com/example/ecommerce/service/AuthService.java:[72,40] cannot find symbol
[ERROR]   symbol:   method getRole()
[ERROR]   location: variable signUpRequest of type com.example.ecommerce.dto.SignupRequest
[ERROR] /C:/Users/ADMIN/.gemini/antigravity/scratch/ecommerce-backend-assignment/src/main/java/com/example/ecommerce/service/AuthService.java:[72,76] cannot find symbol
[ERROR]   symbol:   method getRole()
[ERROR]   location: variable signUpRequest of type com.example.ecommerce.dto.SignupRequest
[ERROR] /C:/Users/ADMIN/.gemini/antigravity/scratch/ecommerce-backend-assignment/src/main/java/com/example/ecommerce/service/AuthService.java:[72,113] cannot find symbol
[ERROR]   symbol:   method getRole()
[ERROR]   location: variable signUpRequest of type com.example.ecommerce.dto.SignupRequest
[ERROR] /C:/Users/ADMIN/.gemini/antigravity/scratch/ecommerce-backend-assignment/src/main/java/com/example/ecommerce/service/AuthService.java:[86,13] cannot find symbol
[ERROR]   symbol:   method setRole(com.example.ecommerce.model.Role)
[ERROR]   location: variable user of type com.example.ecommerce.model.User
[ERROR] /C:/Users/ADMIN/.gemini/antigravity/scratch/ecommerce-backend-assignment/src/main/java/com/example/ecommerce/service/AuthService.java:[91,13] cannot find symbol
[ERROR]   symbol:   method setUser(com.example.ecommerce.model.User)
[ERROR]   location: variable cart of type com.example.ecommerce.model.Cart
[ERROR] /C:/Users/ADMIN/.gemini/antigravity/scratch/ecommerce-backend-assignment/src/main/java/com/example/ecommerce/service/AuthService.java:[94,16] constructor MessageResponse in class com.example.ecommerce.dto.MessageResponse cannot be applied to given types;
[ERROR]   required: no arguments
[ERROR]   found:    java.lang.String
[ERROR]   reason: actual and formal argument lists differ in length
[ERROR] /C:/Users/ADMIN/.gemini/antigravity/scratch/ecommerce-backend-assignment/src/main/java/com/example/ecommerce/controller/CartController.java:[29,88] cannot find symbol
[ERROR]   symbol:   method getProductId()
[ERROR]   location: variable cartItemRequest of type com.example.ecommerce.dto.CartItemRequest
[ERROR] /C:/Users/ADMIN/.gemini/antigravity/scratch/ecommerce-backend-assignment/src/main/java/com/example/ecommerce/controller/CartController.java:[29,120] cannot find symbol
[ERROR]   symbol:   method getQuantity()
[ERROR]   location: variable cartItemRequest of type com.example.ecommerce.dto.CartItemRequest
[ERROR] /C:/Users/ADMIN/.gemini/antigravity/scratch/ecommerce-backend-assignment/src/main/java/com/example/ecommerce/controller/CartController.java:[35,94] cannot find symbol
[ERROR]   symbol:   method getProductId()
[ERROR]   location: variable cartItemRequest of type com.example.ecommerce.dto.CartItemRequest
[ERROR] /C:/Users/ADMIN/.gemini/antigravity/scratch/ecommerce-backend-assignment/src/main/java/com/example/ecommerce/controller/CartController.java:[35,126] cannot find symbol
[ERROR]   symbol:   method getQuantity()
[ERROR]   location: variable cartItemRequest of type com.example.ecommerce.dto.CartItemRequest
[ERROR] /C:/Users/ADMIN/.gemini/antigravity/scratch/ecommerce-backend-assignment/src/main/java/com/example/ecommerce/service/CartService.java:[43,20] cannot find symbol
[ERROR]   symbol:   method getStockQuantity()
[ERROR]   location: variable product of type com.example.ecommerce.model.Product
[ERROR] /C:/Users/ADMIN/.gemini/antigravity/scratch/ecommerce-backend-assignment/src/main/java/com/example/ecommerce/service/CartService.java:[47,47] cannot find symbol
[ERROR]   symbol:   method getItems()
[ERROR]   location: variable cart of type com.example.ecommerce.model.Cart
[ERROR] /C:/Users/ADMIN/.gemini/antigravity/scratch/ecommerce-backend-assignment/src/main/java/com/example/ecommerce/service/CartService.java:[53,34] cannot find symbol
[ERROR]   symbol:   method getQuantity()
[ERROR]   location: variable item of type com.example.ecommerce.model.CartItem
[ERROR] /C:/Users/ADMIN/.gemini/antigravity/scratch/ecommerce-backend-assignment/src/main/java/com/example/ecommerce/service/CartService.java:[56,20] cannot find symbol
[ERROR]   symbol:   method setCart(com.example.ecommerce.model.Cart)
[ERROR]   location: variable newItem of type com.example.ecommerce.model.CartItem
[ERROR] /C:/Users/ADMIN/.gemini/antigravity/scratch/ecommerce-backend-assignment/src/main/java/com/example/ecommerce/service/CartService.java:[57,20] cannot find symbol
[ERROR]   symbol:   method setProduct(com.example.ecommerce.model.Product)
[ERROR]   location: variable newItem of type com.example.ecommerce.model.CartItem
[ERROR] /C:/Users/ADMIN/.gemini/antigravity/scratch/ecommerce-backend-assignment/src/main/java/com/example/ecommerce/service/CartService.java:[58,20] cannot find symbol
[ERROR]   symbol:   method setQuantity(java.lang.Integer)
[ERROR]   location: variable newItem of type com.example.ecommerce.model.CartItem
[ERROR] /C:/Users/ADMIN/.gemini/antigravity/scratch/ecommerce-backend-assignment/src/main/java/com/example/ecommerce/service/CartService.java:[59,17] cannot find symbol
[ERROR]   symbol:   method getItems()
[ERROR]   location: variable cart of type com.example.ecommerce.model.Cart
[ERROR] /C:/Users/ADMIN/.gemini/antigravity/scratch/ecommerce-backend-assignment/src/main/java/com/example/ecommerce/service/CartService.java:[68,33] cannot find symbol
[ERROR]   symbol:   method getItems()
[ERROR]   location: variable cart of type com.example.ecommerce.model.Cart
[ERROR] /C:/Users/ADMIN/.gemini/antigravity/scratch/ecommerce-backend-assignment/src/main/java/com/example/ecommerce/service/CartService.java:[74,17] cannot find symbol
[ERROR]   symbol:   method getItems()
[ERROR]   location: variable cart of type com.example.ecommerce.model.Cart
[ERROR] /C:/Users/ADMIN/.gemini/antigravity/scratch/ecommerce-backend-assignment/src/main/java/com/example/ecommerce/service/CartService.java:[77,21] cannot find symbol
[ERROR]   symbol:   method setQuantity(java.lang.Integer)
[ERROR]   location: variable cartItem of type com.example.ecommerce.model.CartItem
[ERROR] /C:/Users/ADMIN/.gemini/antigravity/scratch/ecommerce-backend-assignment/src/main/java/com/example/ecommerce/service/CartService.java:[86,33] cannot find symbol
[ERROR]   symbol:   method getItems()
[ERROR]   location: variable cart of type com.example.ecommerce.model.Cart
[ERROR] /C:/Users/ADMIN/.gemini/antigravity/scratch/ecommerce-backend-assignment/src/main/java/com/example/ecommerce/service/CartService.java:[91,13] cannot find symbol
[ERROR]   symbol:   method getItems()
[ERROR]   location: variable cart of type com.example.ecommerce.model.Cart
[ERROR] /C:/Users/ADMIN/.gemini/antigravity/scratch/ecommerce-backend-assignment/src/main/java/com/example/ecommerce/service/CartService.java:[98,42] cannot find symbol
[ERROR]   symbol:   method getItems()
[ERROR]   location: variable cart of type com.example.ecommerce.model.Cart
[ERROR] /C:/Users/ADMIN/.gemini/antigravity/scratch/ecommerce-backend-assignment/src/main/java/com/example/ecommerce/service/CartService.java:[99,13] cannot find symbol
[ERROR]   symbol:   method getItems()
[ERROR]   location: variable cart of type com.example.ecommerce.model.Cart
[ERROR] /C:/Users/ADMIN/.gemini/antigravity/scratch/ecommerce-backend-assignment/src/main/java/com/example/ecommerce/service/ProductService.java:[31,39] cannot find symbol
[ERROR]   symbol:   method getName()
[ERROR]   location: variable productDetails of type com.example.ecommerce.model.Product
[ERROR] /C:/Users/ADMIN/.gemini/antigravity/scratch/ecommerce-backend-assignment/src/main/java/com/example/ecommerce/service/ProductService.java:[32,46] cannot find symbol
[ERROR]   symbol:   method getDescription()
[ERROR]   location: variable productDetails of type com.example.ecommerce.model.Product
[ERROR] /C:/Users/ADMIN/.gemini/antigravity/scratch/ecommerce-backend-assignment/src/main/java/com/example/ecommerce/service/ProductService.java:[33,40] cannot find symbol
[ERROR]   symbol:   method getPrice()
[ERROR]   location: variable productDetails of type com.example.ecommerce.model.Product
[ERROR] /C:/Users/ADMIN/.gemini/antigravity/scratch/ecommerce-backend-assignment/src/main/java/com/example/ecommerce/service/ProductService.java:[34,48] cannot find symbol
[ERROR]   symbol:   method getStockQuantity()
[ERROR]   location: variable productDetails of type com.example.ecommerce.model.Product
[ERROR] /C:/Users/ADMIN/.gemini/antigravity/scratch/ecommerce-backend-assignment/src/main/java/com/example/ecommerce/service/ProductService.java:[35,43] cannot find symbol
[ERROR]   symbol:   method getImageUrl()
[ERROR]   location: variable productDetails of type com.example.ecommerce.model.Product
[ERROR] /C:/Users/ADMIN/.gemini/antigravity/scratch/ecommerce-backend-assignment/src/main/java/com/example/ecommerce/service/OrderService.java:[39,19] cannot find symbol
[ERROR]   symbol:   method getUser()
[ERROR]   location: variable order of type com.example.ecommerce.model.Order
[ERROR] /C:/Users/ADMIN/.gemini/antigravity/scratch/ecommerce-backend-assignment/src/main/java/com/example/ecommerce/service/OrderService.java:[50,17] cannot find symbol
[ERROR]   symbol:   method getItems()
[ERROR]   location: variable cart of type com.example.ecommerce.model.Cart
[ERROR] /C:/Users/ADMIN/.gemini/antigravity/scratch/ecommerce-backend-assignment/src/main/java/com/example/ecommerce/service/OrderService.java:[58,14] cannot find symbol
[ERROR]   symbol:   method setUser(com.example.ecommerce.model.User)
[ERROR]   location: variable order of type com.example.ecommerce.model.Order
[ERROR] /C:/Users/ADMIN/.gemini/antigravity/scratch/ecommerce-backend-assignment/src/main/java/com/example/ecommerce/service/OrderService.java:[59,14] cannot find symbol
[ERROR]   symbol:   method setOrderDate(java.time.LocalDateTime)
[ERROR]   location: variable order of type com.example.ecommerce.model.Order
[ERROR] /C:/Users/ADMIN/.gemini/antigravity/scratch/ecommerce-backend-assignment/src/main/java/com/example/ecommerce/service/OrderService.java:[60,14] cannot find symbol
[ERROR]   symbol:   method setShippingDetails(java.lang.String)
[ERROR]   location: variable order of type com.example.ecommerce.model.Order
[ERROR] /C:/Users/ADMIN/.gemini/antigravity/scratch/ecommerce-backend-assignment/src/main/java/com/example/ecommerce/service/OrderService.java:[61,14] cannot find symbol
[ERROR]   symbol:   method setPaymentStatus(java.lang.String)
[ERROR]   location: variable order of type com.example.ecommerce.model.Order
[ERROR] /C:/Users/ADMIN/.gemini/antigravity/scratch/ecommerce-backend-assignment/src/main/java/com/example/ecommerce/service/OrderService.java:[65,42] cannot find symbol
[ERROR]   symbol:   method getItems()
[ERROR]   location: variable cart of type com.example.ecommerce.model.Cart
[ERROR] /C:/Users/ADMIN/.gemini/antigravity/scratch/ecommerce-backend-assignment/src/main/java/com/example/ecommerce/service/OrderService.java:[67,22] cannot find symbol
[ERROR]   symbol:   method setOrder(com.example.ecommerce.model.Order)
[ERROR]   location: variable orderItem of type com.example.ecommerce.model.OrderItem
[ERROR] /C:/Users/ADMIN/.gemini/antigravity/scratch/ecommerce-backend-assignment/src/main/java/com/example/ecommerce/service/OrderService.java:[70,24] cannot find symbol
[ERROR]   symbol:   method getStockQuantity()
[ERROR]   location: variable product of type com.example.ecommerce.model.Product
[ERROR] /C:/Users/ADMIN/.gemini/antigravity/scratch/ecommerce-backend-assignment/src/main/java/com/example/ecommerce/service/OrderService.java:[71,86] cannot find symbol
[ERROR]   symbol:   method getName()
[ERROR]   location: variable product of type com.example.ecommerce.model.Product
[ERROR] /C:/Users/ADMIN/.gemini/antigravity/scratch/ecommerce-backend-assignment/src/main/java/com/example/ecommerce/service/OrderService.java:[74,45] cannot find symbol
[ERROR]   symbol:   method getStockQuantity()
[ERROR]   location: variable product of type com.example.ecommerce.model.Product
[ERROR] /C:/Users/ADMIN/.gemini/antigravity/scratch/ecommerce-backend-assignment/src/main/java/com/example/ecommerce/service/OrderService.java:[75,49] cannot find symbol
[ERROR]   symbol:   method getId()
[ERROR]   location: variable product of type com.example.ecommerce.model.Product
[ERROR] /C:/Users/ADMIN/.gemini/antigravity/scratch/ecommerce-backend-assignment/src/main/java/com/example/ecommerce/service/OrderService.java:[77,22] cannot find symbol
[ERROR]   symbol:   method setProduct(com.example.ecommerce.model.Product)
[ERROR]   location: variable orderItem of type com.example.ecommerce.model.OrderItem
[ERROR] /C:/Users/ADMIN/.gemini/antigravity/scratch/ecommerce-backend-assignment/src/main/java/com/example/ecommerce/service/OrderService.java:[79,39] cannot find symbol
[ERROR]   symbol:   method getPrice()
[ERROR]   location: variable product of type com.example.ecommerce.model.Product
[ERROR] /C:/Users/ADMIN/.gemini/antigravity/scratch/ecommerce-backend-assignment/src/main/java/com/example/ecommerce/service/OrderService.java:[84,26] cannot find symbol
[ERROR]   symbol:   method getPrice()
[ERROR]   location: variable item of type com.example.ecommerce.model.OrderItem
[ERROR] /C:/Users/ADMIN/.gemini/antigravity/scratch/ecommerce-backend-assignment/src/main/java/com/example/ecommerce/service/OrderService.java:[84,44] cannot find symbol
[ERROR]   symbol:   method getQuantity()
[ERROR]   location: variable item of type com.example.ecommerce.model.OrderItem
[ERROR] /C:/Users/ADMIN/.gemini/antigravity/scratch/ecommerce-backend-assignment/src/main/java/com/example/ecommerce/service/OrderService.java:[87,14] cannot find symbol
[ERROR]   symbol:   method setItems(java.util.List<com.example.ecommerce.model.OrderItem>)
[ERROR]   location: variable order of type com.example.ecommerce.model.Order
[ERROR] /C:/Users/ADMIN/.gemini/antigravity/scratch/ecommerce-backend-assignment/src/main/java/com/example/ecommerce/service/OrderService.java:[88,14] cannot find symbol
[ERROR]   symbol:   method setTotalPrice(double)
[ERROR]   location: variable order of type com.example.ecommerce.model.Order
[ERROR] /C:/Users/ADMIN/.gemini/antigravity/scratch/ecommerce-backend-assignment/src/main/java/com/example/ecommerce/service/OrderService.java:[99,14] cannot find symbol
[ERROR]   symbol:   method setPaymentStatus(java.lang.String)
[ERROR]   location: variable order of type com.example.ecommerce.model.Order
[ERROR] /C:/Users/ADMIN/.gemini/antigravity/scratch/ecommerce-backend-assignment/src/main/java/com/example/ecommerce/service/PaymentService.java:[31,36] cannot find symbol
[ERROR]   symbol:   method getTotalPrice()
[ERROR]   location: variable order of type com.example.ecommerce.model.Order
[ERROR] /C:/Users/ADMIN/.gemini/antigravity/scratch/ecommerce-backend-assignment/src/main/java/com/example/ecommerce/security/UserDetailsImpl.java:[33,69] cannot find symbol
[ERROR]   symbol:   method getRole()
[ERROR]   location: variable user of type com.example.ecommerce.model.User
[ERROR] /C:/Users/ADMIN/.gemini/antigravity/scratch/ecommerce-backend-assignment/src/main/java/com/example/ecommerce/security/UserDetailsImpl.java:[36,21] cannot find symbol
[ERROR]   symbol:   method getId()
[ERROR]   location: variable user of type com.example.ecommerce.model.User
[ERROR] /C:/Users/ADMIN/.gemini/antigravity/scratch/ecommerce-backend-assignment/src/main/java/com/example/ecommerce/security/UserDetailsImpl.java:[37,21] cannot find symbol
[ERROR]   symbol:   method getUsername()
[ERROR]   location: variable user of type com.example.ecommerce.model.User
[ERROR] /C:/Users/ADMIN/.gemini/antigravity/scratch/ecommerce-backend-assignment/src/main/java/com/example/ecommerce/security/UserDetailsImpl.java:[38,21] cannot find symbol
[ERROR]   symbol:   method getPassword()
[ERROR]   location: variable user of type com.example.ecommerce.model.User
[ERROR] /C:/Users/ADMIN/.gemini/antigravity/scratch/ecommerce-backend-assignment/src/main/java/com/example/ecommerce/security/WebSecurityConfig.java:[36,50] constructor DaoAuthenticationProvider in class org.springframework.security.authentication.dao.DaoAuthenticationProvider cannot be applied to given types;
[ERROR]   required: org.springframework.security.core.userdetails.UserDetailsService
[ERROR]   found:    no arguments
[ERROR]   reason: actual and formal argument lists differ in length
[ERROR] /C:/Users/ADMIN/.gemini/antigravity/scratch/ecommerce-backend-assignment/src/main/java/com/example/ecommerce/security/WebSecurityConfig.java:[37,21] cannot find symbol
[ERROR]   symbol:   method setUserDetailsService(com.example.ecommerce.security.UserDetailsServiceImpl)
[ERROR]   location: variable authProvider of type org.springframework.security.authentication.dao.DaoAuthenticationProvider
[ERROR] -> [Help 1]
[ERROR] 
[ERROR] To see the full stack trace of the errors, re-run Maven with the -e switch.
[ERROR] Re-run Maven using the -X switch to enable full debug logging.
[ERROR] 
[ERROR] For more information about the errors and possible solutions, please read the following articles:
[ERROR] [Help 1] http://cwiki.apache.org/confluence/display/MAVEN/MojoFailureException
